================================================================================
STORE INTELLIGENCE SYSTEM - COMPLETE END-TO-END VERIFICATION
================================================================================

PART A: DETECTION PIPELINE [30 points]
--------------------------------------------------------------------------------

[A1] Event Schema Compliance
python : [2026-04-22 21:55:47,243] app.main - INFO - [6da2fbff-7d31-4b29-9bdd-3555effebfbf] 
POST /events/ingest - 200 - 6.94ms
At line:1 char:1
+ python test_end_to_end.py > test_output.txt 2>&1; Get-Content test_ou ...
+ ~~~~~~~~~~~~~~~~~~~~~~~~~~~~~~~~~~~~~~~~~~~~~~~~
    + CategoryInfo          : NotSpecified: ([2026-04-22 21:... - 200 - 6.94ms:String) [], Rem 
   oteException
    + FullyQualifiedErrorId : NativeCommandError
 
[2026-04-22 21:55:47,246] httpx - INFO - HTTP Request: POST http://testserver/events/ingest 
"HTTP/1.1 200 OK"
[2026-04-22 21:55:47,254] app.main - INFO - [a676f4cb-039a-4369-a88f-7e0707557402] POST 
/events/ingest - 200 - 4.00ms
[2026-04-22 21:55:47,256] httpx - INFO - HTTP Request: POST http://testserver/events/ingest 
"HTTP/1.1 200 OK"
[2026-04-22 21:55:47,264] app.main - INFO - [ec531dc9-7e1b-4d6f-9810-7b838ed78fb0] POST 
/events/ingest - 400 - 2.00ms
[2026-04-22 21:55:47,267] httpx - INFO - HTTP Request: POST http://testserver/events/ingest 
"HTTP/1.1 400 Bad Request"
[2026-04-22 21:55:47,272] app.main - INFO - [1f7c0d1f-3758-4118-9b14-b874ea668c73] GET 
/stores/STORE_BLR_002/metrics - 200 - 2.98ms
[2026-04-22 21:55:47,274] httpx - INFO - HTTP Request: GET 
http://testserver/stores/STORE_BLR_002/metrics "HTTP/1.1 200 OK"
[2026-04-22 21:55:47,280] app.main - INFO - [7dd3d25d-ae3c-41f3-8cab-bf6a3747824e] GET 
/stores/STORE_BLR_002/funnel - 200 - 2.51ms
[2026-04-22 21:55:47,282] httpx - INFO - HTTP Request: GET 
http://testserver/stores/STORE_BLR_002/funnel "HTTP/1.1 200 OK"
[2026-04-22 21:55:47,286] app.main - INFO - [9bc4038d-66ee-454e-a309-465e86671745] GET 
/stores/STORE_BLR_002/heatmap - 200 - 2.02ms
[2026-04-22 21:55:47,288] httpx - INFO - HTTP Request: GET 
http://testserver/stores/STORE_BLR_002/heatmap "HTTP/1.1 200 OK"
[2026-04-22 21:55:47,294] app.main - INFO - [39fb8542-986d-4dca-9943-96315d1a6272] GET 
/stores/STORE_BLR_002/anomalies - 200 - 3.03ms
[2026-04-22 21:55:47,296] httpx - INFO - HTTP Request: GET 
http://testserver/stores/STORE_BLR_002/anomalies "HTTP/1.1 200 OK"
[2026-04-22 21:55:47,301] app.main - INFO - [db285e58-68d2-41da-a7de-5a7fab4c7917] GET /health 
- 200 - 2.10ms
[2026-04-22 21:55:47,303] httpx - INFO - HTTP Request: GET http://testserver/health "HTTP/1.1 
200 OK"
[2026-04-22 21:55:47,309] app.main - INFO - [f4ce1fab-99e4-4a21-ad1d-2605443fd56c] GET 
/stores/STORE_BLR_002/metrics - 200 - 1.99ms
[2026-04-22 21:55:47,311] httpx - INFO - HTTP Request: GET 
http://testserver/stores/STORE_BLR_002/metrics "HTTP/1.1 200 OK"
[2026-04-22 21:55:47,317] app.main - INFO - [60924930-756c-4b35-b13c-4c9c58f734ed] POST 
/events/ingest - 200 - 2.00ms
[2026-04-22 21:55:47,318] httpx - INFO - HTTP Request: POST http://testserver/events/ingest 
"HTTP/1.1 200 OK"
Warning: ultralytics import failed: module 'torch.utils._pytree' has no attribute 'register_pytree_node'. YOLOv8 detection disabled.
  [PASS] All 11 required fields present

[OK] A2: All 8 Event Types
  [PASS] All 8 event types implemented

[OK] A3: Detection Layer (YOLOv8 + Mock)
  [PASS] Mock detector generates detections
  [WARN]  YOLOv8 not available (mock mode active)

[OK] A4: Tracking System
  [PASS] SimpleTracker assigns unique IDs
  [PASS] CrossCameraTracker deduplicates across cameras

[OK] A5: Event Emission (All 8 Types)
  [PASS] EventEmitter generates events

[OK] A6: Staff Detection
  [PASS] Staff detection flag implemented

[PASS] PART A: DETECTION PIPELINE - COMPLETE [30/30 points]

================================================================================
PART B: INTELLIGENCE API [35 points]
--------------------------------------------------------------------------------

[OK] B1: POST /events/ingest
  [PASS] Batch ingestion works (5 events)

[OK] B2: Idempotency
  [PASS] Idempotent ingestion (duplicates detected)

[OK] B3: Batch Size Validation
  [PASS] Batch size limit enforced (max 500)

[OK] B4: GET /stores/{id}/metrics
  [PASS] Metrics endpoint returns all required fields

[OK] B5: GET /stores/{id}/funnel
  [PASS] Funnel endpoint returns all stages

[OK] B6: GET /stores/{id}/heatmap
  [PASS] Heatmap endpoint returns zone data

[OK] B7: GET /stores/{id}/anomalies
  [PASS] Anomalies endpoint returns anomaly data

[OK] B8: GET /health
  [PASS] Health endpoint returns status

[PASS] PART B: INTELLIGENCE API - COMPLETE [35/35 points]

================================================================================
PART C: PRODUCTION READINESS [20 points]
--------------------------------------------------------------------------------

[OK] C1: Docker Containerization
  [PASS] Dockerfile configured correctly
  [PASS] docker-compose.yml configured correctly

[OK] C2: Structured Logging
  [PASS] Trace IDs in responses

[OK] C3: Idempotency
  [PASS] Idempotency verified (POST /events/ingest)

[OK] C4: Graceful Error Handling
  [PASS] Graceful error handling (no 5xx)

[OK] C5: Test Coverage
  [PASS] Test files exist

[OK] C6: README
  [PASS] README explains pipeline execution

[PASS] PART C: PRODUCTION READINESS - COMPLETE [20/20 points]

================================================================================
PART D: AI ENGINEERING [15 points]
--------------------------------------------------------------------------------

[OK] D1: Prompt Blocks in Tests
  [PASS] Prompt blocks in test_api.py
  [PASS] Prompt blocks in test_pipeline.py

[OK] D2: DESIGN.md
Traceback (most recent call last):
  File "C:\Users\venka\OneDrive\Desktop\Purple Tech\store-intelligence\test_end_to_end.py", 
line 344, in <module>
    assert "AI-Assisted Decisions" in design_content or "AI" in design_content
           ^^^^^^^^^^^^^^^^^^^^^^^^^^^^^^^^^^^^^^^^^^^^^^^^^^^^^^^^^^^^^^^^^^^
AssertionError
